product_sku^product_files_file_name
1234000000001^1234000000001.jpg
