product_sku^product_name^category_path^manufacturer_name^product_s_desc^product_desc^product_price^product_full_image^product_thumb_image^product_in_stock^product_availability^product_available_date^product_currency^product_discount^product_discount_date_start^product_discount_date_end^product_packaging^product_publish^product_special^product_tax^product_url^product_type_1_name^product_type_1_field01^product_type_1_field02^product_type_1_field03^product_type_1_field04^product_type_1_field05^product_type_1_field06
1234000000001^~Book 1~^~Financial Accounting~^~The Publisher Inc.~^~This is the cover copy text: Lorem ipsum dolor sit amet, consetetur sadipscing elitr, sed diam nonumyeirmod.~^~Lorem ipsum dolor sit amet, consetetur sadipscing elitr, sed diam nonumyeirmod tempor invidunt ut labore et dolore magna aliquyam erat, sed diamvoluptua. At vero eos et accusam et justo duo dolores et ea rebum. Stet clita kasd gubergren, no sea takimata sanctus est Lorem ipsum dolor sit amet.Lorem ipsum dolor sit amet, consetetur sadipscing elitr, sed diam nonumyeirmod tempor invidunt ut labore et dolore magna aliquyam erat, sed diamvoluptua.<br/><h4>Table of contents:</h4>This is the table of contents~^29.92^1234000000001.jpg^resized/1234000000001_100x100.jpg^9999^7d.gif^2013-05-01^EUR^0^^^0^Y^N^4.00^^Libro^7^~The A. Uthorname~^672^2013^^1234000000001
